commit aaaaaaaaaaaaaaaaaaaaaaaaaaaaaaaaaaaaaaaa
Author: Test Runner <foo@example.com>
Date:   Fri Aug 26 00:00:00 2016 +0000

    First commit

diff --git a/TEST b/TEST
new file mode 100644
index 0000000..2a02d41
--- /dev/null
+++ b/TEST
@@ -0,0 +1 @@
+TEST
