commit aaaaaaaaaaaaaaaaaaaaaaaaaaaaaaaaaaaaaaaa
Author: Test Runner <foo@example.com>
Date:   Fri Aug 26 00:00:00 2016 +0000

    Undoing changes for master: First commit on Fri Aug 26 00:00:00 UTC 2016

diff --git a/TEST b/TEST
deleted file mode 100644
index 2a02d41..0000000
--- a/TEST
+++ /dev/null
@@ -1 +0,0 @@
-TEST
